/home/ryan/SolarCar/Rivanna3S/Core/Src/usart.c:37:6:MX_UART4_Init	8	static
/home/ryan/SolarCar/Rivanna3S/Core/Src/usart.c:80:6:MX_UART5_Init	8	static
/home/ryan/SolarCar/Rivanna3S/Core/Src/usart.c:123:6:MX_UART7_Init	8	static
/home/ryan/SolarCar/Rivanna3S/Core/Src/usart.c:166:6:MX_UART8_Init	8	static
/home/ryan/SolarCar/Rivanna3S/Core/Src/usart.c:210:6:MX_USART1_UART_Init	8	static
/home/ryan/SolarCar/Rivanna3S/Core/Src/usart.c:254:6:MX_USART2_UART_Init	8	static
/home/ryan/SolarCar/Rivanna3S/Core/Src/usart.c:298:6:MX_USART3_UART_Init	8	static
/home/ryan/SolarCar/Rivanna3S/Core/Src/usart.c:342:6:MX_USART6_UART_Init	8	static
/home/ryan/SolarCar/Rivanna3S/Core/Src/usart.c:385:6:HAL_UART_MspInit	296	static
/home/ryan/SolarCar/Rivanna3S/Core/Src/usart.c:664:6:HAL_UART_MspDeInit	16	static
